// Jest Snapshot v1, https://goo.gl/fbAQLP

exports[`utils > board getBoardElement matches snapshot 1`] = `
{
  "faceDown": false,
  "id": "board",
  "imageFile": "board.png",
  "imageFileBackface": "board.png",
  "type": "board",
  "x": 498.75,
  "y": 0,
}
`;

exports[`utils > board getConflictPawn matches snapshot 1`] = `
{
  "faceDown": false,
  "id": "",
  "imageFile": "conflict-pawn.png",
  "imageFileBackface": "conflict-pawn-back.png",
  "type": "mock",
  "x": 823.75,
  "y": 70.75,
}
`;

exports[`utils > board getMilitaryTokens matches snapshot 1`] = `
[
  {
    "faceDown": false,
    "id": "",
    "imageFile": "token-military-5.jpg",
    "imageFileBackface": "token-military-back.jpg",
    "type": "mock",
    "x": 568.75,
    "y": 142.625,
  },
  {
    "faceDown": false,
    "id": "",
    "imageFile": "token-military-2.jpg",
    "imageFileBackface": "token-military-back.jpg",
    "type": "mock",
    "x": 673.75,
    "y": 145.25,
  },
  {
    "faceDown": false,
    "id": "",
    "imageFile": "token-military-2.jpg",
    "imageFileBackface": "token-military-back.jpg",
    "type": "mock",
    "x": 936.25,
    "y": 145.25,
  },
  {
    "faceDown": false,
    "id": "",
    "imageFile": "token-military-5.jpg",
    "imageFileBackface": "token-military-back.jpg",
    "type": "mock",
    "x": 1029,
    "y": 142.625,
  },
]
`;

exports[`utils > board getProgressTokens matches snapshot 1`] = `
[
  {
    "faceDown": false,
    "id": "",
    "imageFile": "token-progress-agricultura.jpg",
    "imageFileBackface": "token-progress-back.jpg",
    "type": "mock",
    "x": 665,
    "y": 6.5625,
  },
  {
    "faceDown": false,
    "id": "",
    "imageFile": "token-progress-albanileria.jpg",
    "imageFileBackface": "token-progress-back.jpg",
    "type": "mock",
    "x": 735,
    "y": 6.5625,
  },
  {
    "faceDown": false,
    "id": "",
    "imageFile": "token-progress-arquitectura.jpg",
    "imageFileBackface": "token-progress-back.jpg",
    "type": "mock",
    "x": 805,
    "y": 6.5625,
  },
  {
    "faceDown": false,
    "id": "",
    "imageFile": "token-progress-derecho.jpg",
    "imageFileBackface": "token-progress-back.jpg",
    "type": "mock",
    "x": 875,
    "y": 6.5625,
  },
  {
    "faceDown": false,
    "id": "",
    "imageFile": "token-progress-economia.jpg",
    "imageFileBackface": "token-progress-back.jpg",
    "type": "mock",
    "x": 945,
    "y": 6.5625,
  },
  {
    "faceDown": true,
    "id": "",
    "imageFile": "token-progress-estrategia.jpg",
    "imageFileBackface": "token-progress-back.jpg",
    "type": "mock",
    "x": 560,
    "y": 5.25,
  },
  {
    "faceDown": true,
    "id": "",
    "imageFile": "token-progress-filosofia.jpg",
    "imageFileBackface": "token-progress-back.jpg",
    "type": "mock",
    "x": 560,
    "y": 5.25,
  },
  {
    "faceDown": true,
    "id": "",
    "imageFile": "token-progress-matematicas.jpg",
    "imageFileBackface": "token-progress-back.jpg",
    "type": "mock",
    "x": 560,
    "y": 5.25,
  },
  {
    "faceDown": true,
    "id": "",
    "imageFile": "token-progress-teologia.jpg",
    "imageFileBackface": "token-progress-back.jpg",
    "type": "mock",
    "x": 560,
    "y": 5.25,
  },
  {
    "faceDown": true,
    "id": "",
    "imageFile": "token-progress-urbanismo.jpg",
    "imageFileBackface": "token-progress-back.jpg",
    "type": "mock",
    "x": 560,
    "y": 5.25,
  },
]
`;
